{
    "reports": [
        "3,3,NORTH",
        "4,3,EAST"
    ]
}
